// Jest Snapshot v1, https://goo.gl/fbAQLP

exports[`HistoryItem component render HistoryItem component 1`] = `
<DocumentFragment>
  <h2>
    GET
  </h2>
  <p>
    https://placekitten.com/
  </p>
  <p />
</DocumentFragment>
`;
